[debug] [2026-05-28T10:15:22.091Z] ----------------------------------------------------------------------
[debug] [2026-05-28T10:15:22.092Z] Command:       C:\Program Files\nodejs\node.exe C:\Users\len\AppData\Roaming\npm\node_modules\firebase-tools\lib\bin\firebase.js init
[debug] [2026-05-28T10:15:22.093Z] CLI Version:   15.19.0
[debug] [2026-05-28T10:15:22.093Z] Platform:      win32
[debug] [2026-05-28T10:15:22.093Z] Node Version:  v22.22.3
[debug] [2026-05-28T10:15:22.093Z] Time:          Thu May 28 2026 15:45:22 GMT+0530 (India Standard Time)
[debug] [2026-05-28T10:15:22.093Z] ----------------------------------------------------------------------
[debug] 
[info] 
     ######## #### ########  ######## ########     ###     ######  ########
     ##        ##  ##     ## ##       ##     ##  ##   ##  ##       ##
     ######    ##  ########  ######   ########  #########  ######  ######
     ##        ##  ##    ##  ##       ##     ## ##     ##       ## ##
     ##       #### ##     ## ######## ########  ##     ##  ######  ########

You're about to initialize a Firebase project in this directory:

  P:\gpt_apk-main

[info] 
=== Project Setup
[info] 
[info] First, let's associate this project directory with a Firebase project.
[info] You can create multiple project aliases by running firebase use --add, 
[info] 
[debug] [2026-05-28T10:17:28.587Z] > command requires scopes: ["email","openid","https://www.googleapis.com/auth/cloudplatformprojects.readonly","https://www.googleapis.com/auth/firebase","https://www.googleapis.com/auth/cloud-platform"]
[debug] [2026-05-28T10:17:28.587Z] > authorizing via signed-in user (siddhardhakollabuthalla@gmail.com)
[debug] [2026-05-28T10:17:28.589Z] Checked if tokens are valid: true, expires at: 1779966907830
[debug] [2026-05-28T10:17:28.589Z] Checked if tokens are valid: true, expires at: 1779966907830
[debug] [2026-05-28T10:17:28.591Z] >>> [apiv2][query] GET https://firebase.googleapis.com/v1beta1/projects pageSize=100
[debug] [2026-05-28T10:17:29.728Z] <<< [apiv2][status] GET https://firebase.googleapis.com/v1beta1/projects 200
[debug] [2026-05-28T10:17:29.728Z] <<< [apiv2][body] GET https://firebase.googleapis.com/v1beta1/projects [omitted]
[info] 
=== Dataconnect Setup
[info] i  dataconnect: ensuring required API firebasedataconnect.googleapis.com is enabled... 
[debug] [2026-05-28T10:17:31.169Z] Checked if tokens are valid: true, expires at: 1779966907830
[debug] [2026-05-28T10:17:31.169Z] Checked if tokens are valid: true, expires at: 1779966907830
[info] i  dataconnect: ensuring required API sqladmin.googleapis.com is enabled... 
[debug] [2026-05-28T10:17:31.169Z] Checked if tokens are valid: true, expires at: 1779966907830
[debug] [2026-05-28T10:17:31.169Z] Checked if tokens are valid: true, expires at: 1779966907830
[debug] [2026-05-28T10:17:31.170Z] >>> [apiv2][query] GET https://serviceusage.googleapis.com/v1/projects/gpt-akp/services/firebasedataconnect.googleapis.com [none]
[debug] [2026-05-28T10:17:31.170Z] >>> [apiv2][(partial)header] GET https://serviceusage.googleapis.com/v1/projects/gpt-akp/services/firebasedataconnect.googleapis.com  x-goog-user-project=gpt-akp
[debug] [2026-05-28T10:17:31.170Z] >>> [apiv2][query] GET https://serviceusage.googleapis.com/v1/projects/gpt-akp/services/sqladmin.googleapis.com [none]
[debug] [2026-05-28T10:17:31.170Z] >>> [apiv2][(partial)header] GET https://serviceusage.googleapis.com/v1/projects/gpt-akp/services/sqladmin.googleapis.com  x-goog-user-project=gpt-akp
[debug] [2026-05-28T10:17:33.102Z] <<< [apiv2][status] GET https://serviceusage.googleapis.com/v1/projects/gpt-akp/services/sqladmin.googleapis.com 200
[debug] [2026-05-28T10:17:33.102Z] <<< [apiv2][body] GET https://serviceusage.googleapis.com/v1/projects/gpt-akp/services/sqladmin.googleapis.com [omitted]
[warn] !  dataconnect: missing required API sqladmin.googleapis.com. Enabling now... 
[debug] [2026-05-28T10:17:33.103Z] Checked if tokens are valid: true, expires at: 1779966907830
[debug] [2026-05-28T10:17:33.103Z] Checked if tokens are valid: true, expires at: 1779966907830
[debug] [2026-05-28T10:17:33.103Z] >>> [apiv2][query] POST https://serviceusage.googleapis.com/v1/projects/gpt-akp/services/sqladmin.googleapis.com:enable [none]
[debug] [2026-05-28T10:17:33.103Z] >>> [apiv2][(partial)header] POST https://serviceusage.googleapis.com/v1/projects/gpt-akp/services/sqladmin.googleapis.com:enable  x-goog-user-project=gpt-akp
[debug] [2026-05-28T10:17:33.104Z] <<< [apiv2][status] GET https://serviceusage.googleapis.com/v1/projects/gpt-akp/services/firebasedataconnect.googleapis.com 200
[debug] [2026-05-28T10:17:33.104Z] <<< [apiv2][body] GET https://serviceusage.googleapis.com/v1/projects/gpt-akp/services/firebasedataconnect.googleapis.com [omitted]
[warn] !  dataconnect: missing required API firebasedataconnect.googleapis.com. Enabling now... 
[debug] [2026-05-28T10:17:33.104Z] Checked if tokens are valid: true, expires at: 1779966907830
[debug] [2026-05-28T10:17:33.105Z] Checked if tokens are valid: true, expires at: 1779966907830
[debug] [2026-05-28T10:17:33.105Z] >>> [apiv2][query] POST https://serviceusage.googleapis.com/v1/projects/gpt-akp/services/firebasedataconnect.googleapis.com:enable [none]
[debug] [2026-05-28T10:17:33.105Z] >>> [apiv2][(partial)header] POST https://serviceusage.googleapis.com/v1/projects/gpt-akp/services/firebasedataconnect.googleapis.com:enable  x-goog-user-project=gpt-akp
[debug] [2026-05-28T10:17:33.615Z] <<< [apiv2][status] POST https://serviceusage.googleapis.com/v1/projects/gpt-akp/services/firebasedataconnect.googleapis.com:enable 200
[debug] [2026-05-28T10:17:33.615Z] <<< [apiv2][body] POST https://serviceusage.googleapis.com/v1/projects/gpt-akp/services/firebasedataconnect.googleapis.com:enable [omitted]
[debug] [2026-05-28T10:17:33.625Z] <<< [apiv2][status] POST https://serviceusage.googleapis.com/v1/projects/gpt-akp/services/sqladmin.googleapis.com:enable 200
[debug] [2026-05-28T10:17:33.625Z] <<< [apiv2][body] POST https://serviceusage.googleapis.com/v1/projects/gpt-akp/services/sqladmin.googleapis.com:enable [omitted]
[debug] [2026-05-28T10:17:43.637Z] Checked if tokens are valid: true, expires at: 1779966907830
[debug] [2026-05-28T10:17:43.637Z] Checked if tokens are valid: true, expires at: 1779966907830
[debug] [2026-05-28T10:17:43.637Z] >>> [apiv2][query] GET https://firebasedataconnect.googleapis.com/v1/projects/gpt-akp/locations/-/services [none]
[debug] [2026-05-28T10:17:45.800Z] <<< [apiv2][status] GET https://firebasedataconnect.googleapis.com/v1/projects/gpt-akp/locations/-/services 200
[debug] [2026-05-28T10:17:45.800Z] <<< [apiv2][body] GET https://firebasedataconnect.googleapis.com/v1/projects/gpt-akp/locations/-/services {}
[info] i  : ensuring required API cloudaicompanion.googleapis.com is enabled... 
[debug] [2026-05-28T10:17:55.193Z] Checked if tokens are valid: true, expires at: 1779966907830
[debug] [2026-05-28T10:17:55.193Z] Checked if tokens are valid: true, expires at: 1779966907830
[debug] [2026-05-28T10:17:55.193Z] >>> [apiv2][query] GET https://serviceusage.googleapis.com/v1/projects/gpt-akp/services/cloudaicompanion.googleapis.com [none]
[debug] [2026-05-28T10:17:55.193Z] >>> [apiv2][(partial)header] GET https://serviceusage.googleapis.com/v1/projects/gpt-akp/services/cloudaicompanion.googleapis.com  x-goog-user-project=gpt-akp
[debug] [2026-05-28T10:17:56.964Z] <<< [apiv2][status] GET https://serviceusage.googleapis.com/v1/projects/gpt-akp/services/cloudaicompanion.googleapis.com 200
[debug] [2026-05-28T10:17:56.964Z] <<< [apiv2][body] GET https://serviceusage.googleapis.com/v1/projects/gpt-akp/services/cloudaicompanion.googleapis.com [omitted]
[info] +  : required API cloudaicompanion.googleapis.com is enabled 
[debug] [2026-05-28T10:18:14.634Z] Checked if tokens are valid: true, expires at: 1779966907830
[debug] [2026-05-28T10:18:14.634Z] Checked if tokens are valid: true, expires at: 1779966907830
[debug] [2026-05-28T10:18:14.634Z] >>> [apiv2][query] GET https://cloudbilling.googleapis.com/v1/projects/gpt-akp/billingInfo [none]
[debug] [2026-05-28T10:18:15.396Z] <<< [apiv2][status] GET https://cloudbilling.googleapis.com/v1/projects/gpt-akp/billingInfo 200
[debug] [2026-05-28T10:18:15.396Z] <<< [apiv2][body] GET https://cloudbilling.googleapis.com/v1/projects/gpt-akp/billingInfo {"name":"projects/gpt-akp/billingInfo","projectId":"gpt-akp","billingAccountName":"","billingEnabled":false}
[debug] [2026-05-28T10:18:15.397Z] Checked if tokens are valid: true, expires at: 1779966907830
[debug] [2026-05-28T10:18:15.397Z] Checked if tokens are valid: true, expires at: 1779966907830
[debug] [2026-05-28T10:18:15.398Z] >>> [apiv2][query] GET https://monitoring.googleapis.com/v3/projects/gpt-akp/timeSeries/ filter=metric.type%3D%22serviceruntime.googleapis.com%2Fquota%2Fallocation%2Fusage%22+AND+metric.label.quota_metric+%3D+%22sqladmin.googleapis.com%2Ffdc_lifetime_free_trial_per_project%22&interval.endTime=2026-05-28T10%3A18%3A15.397Z&interval.startTime=2026-05-21T10%3A18%3A15.397Z
[debug] [2026-05-28T10:18:16.982Z] <<< [apiv2][status] GET https://monitoring.googleapis.com/v3/projects/gpt-akp/timeSeries/ 200
[debug] [2026-05-28T10:18:16.982Z] <<< [apiv2][body] GET https://monitoring.googleapis.com/v3/projects/gpt-akp/timeSeries/ {"unit":"1"}
[info] +  dataconnect: CloudSQL no cost trial available! 
[debug] [2026-05-28T10:18:16.982Z] Checked if tokens are valid: true, expires at: 1779966907830
[debug] [2026-05-28T10:18:16.983Z] Checked if tokens are valid: true, expires at: 1779966907830
[debug] [2026-05-28T10:18:16.983Z] >>> [apiv2][query] GET https://sqladmin.googleapis.com/v1/projects/gpt-akp/instances [none]
[debug] [2026-05-28T10:18:18.467Z] <<< [apiv2][status] GET https://sqladmin.googleapis.com/v1/projects/gpt-akp/instances 200
[debug] [2026-05-28T10:18:18.467Z] <<< [apiv2][body] GET https://sqladmin.googleapis.com/v1/projects/gpt-akp/instances {}
[debug] [2026-05-28T10:18:18.468Z] Checked if tokens are valid: true, expires at: 1779966907830
[debug] [2026-05-28T10:18:18.468Z] Checked if tokens are valid: true, expires at: 1779966907830
[debug] [2026-05-28T10:18:18.468Z] >>> [apiv2][query] GET https://firebasedataconnect.googleapis.com/v1/projects/gpt-akp/locations [none]
[debug] [2026-05-28T10:18:20.306Z] <<< [apiv2][status] GET https://firebasedataconnect.googleapis.com/v1/projects/gpt-akp/locations 200
[debug] [2026-05-28T10:18:20.306Z] <<< [apiv2][body] GET https://firebasedataconnect.googleapis.com/v1/projects/gpt-akp/locations {"locations":[{"name":"projects/gpt-akp/locations/asia-east1","locationId":"asia-east1","displayName":"Taiwan"},{"name":"projects/gpt-akp/locations/asia-east2","locationId":"asia-east2","displayName":"Hong Kong"},{"name":"projects/gpt-akp/locations/asia-northeast1","locationId":"asia-northeast1","displayName":"Tokyo"},{"name":"projects/gpt-akp/locations/asia-northeast2","locationId":"asia-northeast2","displayName":"Osaka"},{"name":"projects/gpt-akp/locations/asia-northeast3","locationId":"asia-northeast3","displayName":"Seoul"},{"name":"projects/gpt-akp/locations/asia-south1","locationId":"asia-south1","displayName":"Mumbai"},{"name":"projects/gpt-akp/locations/asia-southeast1","locationId":"asia-southeast1","displayName":"Singapore"},{"name":"projects/gpt-akp/locations/asia-southeast2","locationId":"asia-southeast2","displayName":"Jakarta"},{"name":"projects/gpt-akp/locations/australia-southeast1","locationId":"australia-southeast1","displayName":"Sydney"},{"name":"projects/gpt-akp/locations/australia-southeast2","locationId":"australia-southeast2","displayName":"Melbourne"},{"name":"projects/gpt-akp/locations/europe-central2","locationId":"europe-central2","displayName":"Warsaw"},{"name":"projects/gpt-akp/locations/europe-north1","locationId":"europe-north1","displayName":"Finland"},{"name":"projects/gpt-akp/locations/europe-southwest1","locationId":"europe-southwest1","displayName":"Madrid"},{"name":"projects/gpt-akp/locations/europe-west1","locationId":"europe-west1","displayName":"Belgium"},{"name":"projects/gpt-akp/locations/europe-west2","locationId":"europe-west2","displayName":"London"},{"name":"projects/gpt-akp/locations/europe-west3","locationId":"europe-west3","displayName":"Frankfurt"},{"name":"projects/gpt-akp/locations/europe-west4","locationId":"europe-west4","displayName":"Netherlands"},{"name":"projects/gpt-akp/locations/europe-west6","locationId":"europe-west6","displayName":"Zurich"},{"name":"projects/gpt-akp/locations/europe-west8","locationId":"europe-west8","displayName":"Milan"},{"name":"projects/gpt-akp/locations/europe-west9","locationId":"europe-west9","displayName":"Paris"},{"name":"projects/gpt-akp/locations/me-west1","locationId":"me-west1","displayName":"Tel Aviv"},{"name":"projects/gpt-akp/locations/northamerica-northeast1","locationId":"northamerica-northeast1","displayName":"Montréal"},{"name":"projects/gpt-akp/locations/northamerica-northeast2","locationId":"northamerica-northeast2","displayName":"Toronto"},{"name":"projects/gpt-akp/locations/southamerica-east1","locationId":"southamerica-east1","displayName":"São Paulo"},{"name":"projects/gpt-akp/locations/southamerica-west1","locationId":"southamerica-west1","displayName":"Santiago"},{"name":"projects/gpt-akp/locations/us-central1","locationId":"us-central1","displayName":"Iowa"},{"name":"projects/gpt-akp/locations/us-east1","locationId":"us-east1","displayName":"South Carolina"},{"name":"projects/gpt-akp/locations/us-east4","locationId":"us-east4","displayName":"Northern Virginia"},{"name":"projects/gpt-akp/locations/us-south1","locationId":"us-south1","displayName":"Dallas"},{"name":"projects/gpt-akp/locations/us-west1","locationId":"us-west1","displayName":"Oregon"},{"name":"projects/gpt-akp/locations/us-west2","locationId":"us-west2","displayName":"Los Angeles"},{"name":"projects/gpt-akp/locations/us-west3","locationId":"us-west3","displayName":"Salt Lake City"},{"name":"projects/gpt-akp/locations/us-west4","locationId":"us-west4","displayName":"Las Vegas"}]}
[info] +  dataconnect: Detected existing apps . (web) 
[debug] [2026-05-28T10:18:41.626Z] Checked if tokens are valid: true, expires at: 1779966907830
[debug] [2026-05-28T10:18:41.626Z] Checked if tokens are valid: true, expires at: 1779966907830
[debug] [2026-05-28T10:18:41.626Z] >>> [apiv2][query] POST https://firebasedataconnect.googleapis.com/v1/projects/gpt-akp/locations/us-east4/services service_id=gptapk-main
[debug] [2026-05-28T10:18:41.626Z] >>> [apiv2][body] POST https://firebasedataconnect.googleapis.com/v1/projects/gpt-akp/locations/us-east4/services {"name":"projects/gpt-akp/locations/us-east4/services/gptapk-main"}
[debug] [2026-05-28T10:18:52.878Z] <<< [apiv2][status] POST https://firebasedataconnect.googleapis.com/v1/projects/gpt-akp/locations/us-east4/services 200
[debug] [2026-05-28T10:18:52.878Z] <<< [apiv2][body] POST https://firebasedataconnect.googleapis.com/v1/projects/gpt-akp/locations/us-east4/services {"name":"projects/gpt-akp/locations/us-east4/operations/operation-1779963525293-652de0da366dd-efa62cb1-ac9aa067","metadata":{"@type":"type.googleapis.com/google.firebase.dataconnect.v1.OperationMetadata","createTime":"2026-05-28T10:18:54.654981669Z","target":"projects/gpt-akp/locations/us-east4/services/gptapk-main","verb":"create","requestedCancellation":false,"apiVersion":"v1"},"done":false}
[debug] [2026-05-28T10:18:52.879Z] Checked if tokens are valid: true, expires at: 1779966907830
[debug] [2026-05-28T10:18:52.879Z] Checked if tokens are valid: true, expires at: 1779966907830
[debug] [2026-05-28T10:18:52.880Z] >>> [apiv2][query] GET https://firebasedataconnect.googleapis.com/v1/projects/gpt-akp/locations/us-east4/operations/operation-1779963525293-652de0da366dd-efa62cb1-ac9aa067 [none]
[debug] [2026-05-28T10:18:53.281Z] <<< [apiv2][status] GET https://firebasedataconnect.googleapis.com/v1/projects/gpt-akp/locations/us-east4/operations/operation-1779963525293-652de0da366dd-efa62cb1-ac9aa067 200
[debug] [2026-05-28T10:18:53.281Z] <<< [apiv2][body] GET https://firebasedataconnect.googleapis.com/v1/projects/gpt-akp/locations/us-east4/operations/operation-1779963525293-652de0da366dd-efa62cb1-ac9aa067 {"name":"projects/gpt-akp/locations/us-east4/operations/operation-1779963525293-652de0da366dd-efa62cb1-ac9aa067","metadata":{"@type":"type.googleapis.com/google.firebase.dataconnect.v1.OperationMetadata","createTime":"2026-05-28T10:18:54.654981669Z","target":"projects/gpt-akp/locations/us-east4/services/gptapk-main","verb":"create","requestedCancellation":false,"apiVersion":"v1"},"done":false}
[debug] [2026-05-28T10:18:53.783Z] [LRO Poller] Retrying task index 0
[debug] [2026-05-28T10:18:53.783Z] Checked if tokens are valid: true, expires at: 1779966907830
[debug] [2026-05-28T10:18:53.783Z] Checked if tokens are valid: true, expires at: 1779966907830
[debug] [2026-05-28T10:18:53.784Z] >>> [apiv2][query] GET https://firebasedataconnect.googleapis.com/v1/projects/gpt-akp/locations/us-east4/operations/operation-1779963525293-652de0da366dd-efa62cb1-ac9aa067 [none]
[debug] [2026-05-28T10:18:54.207Z] <<< [apiv2][status] GET https://firebasedataconnect.googleapis.com/v1/projects/gpt-akp/locations/us-east4/operations/operation-1779963525293-652de0da366dd-efa62cb1-ac9aa067 200
[debug] [2026-05-28T10:18:54.207Z] <<< [apiv2][body] GET https://firebasedataconnect.googleapis.com/v1/projects/gpt-akp/locations/us-east4/operations/operation-1779963525293-652de0da366dd-efa62cb1-ac9aa067 {"name":"projects/gpt-akp/locations/us-east4/operations/operation-1779963525293-652de0da366dd-efa62cb1-ac9aa067","metadata":{"@type":"type.googleapis.com/google.firebase.dataconnect.v1.OperationMetadata","createTime":"2026-05-28T10:18:54.654981669Z","endTime":"2026-05-28T10:18:55.904095588Z","target":"projects/gpt-akp/locations/us-east4/services/gptapk-main","verb":"create","requestedCancellation":false,"apiVersion":"v1"},"done":true,"response":{"@type":"type.googleapis.com/google.firebase.dataconnect.v1.Service","name":"projects/gpt-akp/locations/us-east4/services/gptapk-main","createTime":"2026-05-28T10:18:54.649717619Z","updateTime":"2026-05-28T10:18:54.649717619Z","uid":"9c1d2ff2-1676-4bf0-8583-a341a929c15d","reconciling":false,"etag":"PPShykHcWg4JXX1lyycacmPa2D891gsNhZWS8vnHnKI"}}
[debug] [2026-05-28T10:18:54.211Z] Checked if tokens are valid: true, expires at: 1779966907830
[debug] [2026-05-28T10:18:54.211Z] Checked if tokens are valid: true, expires at: 1779966907830
[debug] [2026-05-28T10:18:54.211Z] >>> [apiv2][query] POST https://cloudaicompanion.googleapis.com/v1beta/projects/gpt-akp/locations/global/instances/default:completeTask [none]
[debug] [2026-05-28T10:18:54.211Z] >>> [apiv2][body] POST https://cloudaicompanion.googleapis.com/v1beta/projects/gpt-akp/locations/global/instances/default:completeTask {"input":{"messages":[{"content":"clg website","author":"USER"}]},"experienceContext":{"experience":"/appeco/firebase/fdc-schema-generator"}}
[debug] [2026-05-28T10:19:09.771Z] <<< [apiv2][status] POST https://cloudaicompanion.googleapis.com/v1beta/projects/gpt-akp/locations/global/instances/default:completeTask 200
[debug] [2026-05-28T10:19:09.771Z] <<< [apiv2][body] POST https://cloudaicompanion.googleapis.com/v1beta/projects/gpt-akp/locations/global/instances/default:completeTask {"output":{"messages":[{"content":"```graphql\ntype User @table {\n  displayName: String!\n  email: String!\n  createdAt: Timestamp!\n  photoUrl: String\n  role: String\n}\n\ntype Event @table {\n  title: String!\n  description: String!\n  date: Date!\n  startTime: Timestamp!\n  endTime: Timestamp!\n  location: String!\n  createdAt: Timestamp!\n  status: String!\n  imageUrl: String\n  contactEmail: String\n  creator: User\n  club: Club\n}\n\ntype Club @table {\n  name: String!\n  description: String!\n  createdAt: Timestamp!\n  contactEmail: String\n  websiteUrl: String\n  socialMediaLink: String\n  creator: User\n}\n\ntype Resource @table {\n  name: String!\n  description: String!\n  category: String!\n  createdAt: Timestamp!\n  contactInfo: String\n  websiteUrl: String\n  location: String\n}\n\ntype Favorite @table {\n  createdAt: Timestamp!\n  user: User!\n  event: Event\n  club: Club\n}\n```\n"}]},"displayContext":{"additionalContext":{"@type":"type.googleapis.com/google.cloud.cloudaicompanion.v1main.FirebaseChatDisplayContext","firebaseFdcDisplayContext":{"schemaSyntaxError":""}}}}
[debug] [2026-05-28T10:19:09.773Z] Checked if tokens are valid: true, expires at: 1779966907830
[debug] [2026-05-28T10:19:09.773Z] Checked if tokens are valid: true, expires at: 1779966907830
[debug] [2026-05-28T10:19:09.774Z] >>> [apiv2][query] PATCH https://firebasedataconnect.googleapis.com/v1/projects/gpt-akp/locations/us-east4/services/gptapk-main/schemas/main allowMissing=true&validateOnly=false
[debug] [2026-05-28T10:19:09.774Z] >>> [apiv2][body] PATCH https://firebasedataconnect.googleapis.com/v1/projects/gpt-akp/locations/us-east4/services/gptapk-main/schemas/main {"name":"projects/gpt-akp/locations/us-east4/services/gptapk-main/schemas/main","datasources":[{"postgresql":{}}],"source":{"files":[{"path":"schema.gql","content":"type User @table {\n  displayName: String!\n  email: String!\n  createdAt: Timestamp!\n  photoUrl: String\n  role: String\n}\n\ntype Event @table {\n  title: String!\n  description: String!\n  date: Date!\n  startTime: Timestamp!\n  endTime: Timestamp!\n  location: String!\n  createdAt: Timestamp!\n  status: String!\n  imageUrl: String\n  contactEmail: String\n  creator: User\n  club: Club\n}\n\ntype Club @table {\n  name: String!\n  description: String!\n  createdAt: Timestamp!\n  contactEmail: String\n  websiteUrl: String\n  socialMediaLink: String\n  creator: User\n}\n\ntype Resource @table {\n  name: String!\n  description: String!\n  category: String!\n  createdAt: Timestamp!\n  contactInfo: String\n  websiteUrl: String\n  location: String\n}\n\ntype Favorite @table {\n  createdAt: Timestamp!\n  user: User!\n  event: Event\n  club: Club\n}"}]}}
[debug] [2026-05-28T10:19:11.614Z] <<< [apiv2][status] PATCH https://firebasedataconnect.googleapis.com/v1/projects/gpt-akp/locations/us-east4/services/gptapk-main/schemas/main 200
[debug] [2026-05-28T10:19:11.614Z] <<< [apiv2][body] PATCH https://firebasedataconnect.googleapis.com/v1/projects/gpt-akp/locations/us-east4/services/gptapk-main/schemas/main {"name":"projects/gpt-akp/locations/us-east4/operations/operation-1779963553357-652de0f4f9e65-b722f539-9344b9af","metadata":{"@type":"type.googleapis.com/google.firebase.dataconnect.v1.OperationMetadata","createTime":"2026-05-28T10:19:13.404577037Z","target":"projects/gpt-akp/locations/us-east4/services/gptapk-main/schemas/main","verb":"update","requestedCancellation":false,"apiVersion":"v1"},"done":false}
[debug] [2026-05-28T10:19:11.615Z] Checked if tokens are valid: true, expires at: 1779966907830
[debug] [2026-05-28T10:19:11.615Z] Checked if tokens are valid: true, expires at: 1779966907830
[debug] [2026-05-28T10:19:11.615Z] >>> [apiv2][query] GET https://firebasedataconnect.googleapis.com/v1/projects/gpt-akp/locations/us-east4/operations/operation-1779963553357-652de0f4f9e65-b722f539-9344b9af [none]
[debug] [2026-05-28T10:19:12.127Z] <<< [apiv2][status] GET https://firebasedataconnect.googleapis.com/v1/projects/gpt-akp/locations/us-east4/operations/operation-1779963553357-652de0f4f9e65-b722f539-9344b9af 200
[debug] [2026-05-28T10:19:12.127Z] <<< [apiv2][body] GET https://firebasedataconnect.googleapis.com/v1/projects/gpt-akp/locations/us-east4/operations/operation-1779963553357-652de0f4f9e65-b722f539-9344b9af {"name":"projects/gpt-akp/locations/us-east4/operations/operation-1779963553357-652de0f4f9e65-b722f539-9344b9af","metadata":{"@type":"type.googleapis.com/google.firebase.dataconnect.v1.OperationMetadata","createTime":"2026-05-28T10:19:13.404577037Z","endTime":"2026-05-28T10:19:13.619274070Z","target":"projects/gpt-akp/locations/us-east4/services/gptapk-main/schemas/main","verb":"update","requestedCancellation":false,"apiVersion":"v1"},"done":true,"response":{"@type":"type.googleapis.com/google.firebase.dataconnect.v1.Schema","name":"projects/gpt-akp/locations/us-east4/services/gptapk-main/schemas/main","createTime":"2026-05-28T10:19:13.395191457Z","updateTime":"2026-05-28T10:19:13.395191457Z","source":{"files":[{"path":"schema.gql","content":"type User @table {\n  displayName: String!\n  email: String!\n  createdAt: Timestamp!\n  photoUrl: String\n  role: String\n}\n\ntype Event @table {\n  title: String!\n  description: String!\n  date: Date!\n  startTime: Timestamp!\n  endTime: Timestamp!\n  location: String!\n  createdAt: Timestamp!\n  status: String!\n  imageUrl: String\n  contactEmail: String\n  creator: User\n  club: Club\n}\n\ntype Club @table {\n  name: String!\n  description: String!\n  createdAt: Timestamp!\n  contactEmail: String\n  websiteUrl: String\n  socialMediaLink: String\n  creator: User\n}\n\ntype Resource @table {\n  name: String!\n  description: String!\n  category: String!\n  createdAt: Timestamp!\n  contactInfo: String\n  websiteUrl: String\n  location: String\n}\n\ntype Favorite @table {\n  createdAt: Timestamp!\n  user: User!\n  event: Event\n  club: Club\n}"}]},"uid":"485d4c63-43dc-49ac-903d-69b532295fd3","reconciling":false,"datasources":[{"postgresql":{"ephemeral":true}}],"etag":"1autk7BhO0EUDck7Py-BWRRc5HsejCJ5eTHe66yq9ZE"}}
[debug] [2026-05-28T10:19:12.129Z] Checked if tokens are valid: true, expires at: 1779966907830
[debug] [2026-05-28T10:19:12.129Z] Checked if tokens are valid: true, expires at: 1779966907830
[debug] [2026-05-28T10:19:12.129Z] Checked if tokens are valid: true, expires at: 1779966907830
[debug] [2026-05-28T10:19:12.129Z] Checked if tokens are valid: true, expires at: 1779966907830
[debug] [2026-05-28T10:19:12.129Z] >>> [apiv2][query] POST https://cloudaicompanion.googleapis.com/v1beta/projects/gpt-akp/locations/global/instances/default:completeTask [none]
[debug] [2026-05-28T10:19:12.129Z] >>> [apiv2][body] POST https://cloudaicompanion.googleapis.com/v1beta/projects/gpt-akp/locations/global/instances/default:completeTask {"input":{"messages":[{"content":"Create 4 operations for an app using the instance schema with proper authentication.","author":"USER"}]},"experienceContext":{"experience":"/appeco/firebase/fdc-query-generator"},"clientContext":{"additionalContext":{"@type":"type.googleapis.com/google.cloud.cloudaicompanion.v1main.FirebaseChatRequestContext","fdcInfo":{"fdcServiceName":"projects/gpt-akp/locations/us-east4/services/gptapk-main","requiresQuery":true}}}}
[debug] [2026-05-28T10:19:12.130Z] >>> [apiv2][query] POST https://cloudaicompanion.googleapis.com/v1beta/projects/gpt-akp/locations/global/instances/default:completeTask [none]
[debug] [2026-05-28T10:19:12.130Z] >>> [apiv2][body] POST https://cloudaicompanion.googleapis.com/v1beta/projects/gpt-akp/locations/global/instances/default:completeTask {"input":{"messages":[{"content":"Create a mutation to populate the database with some seed data.","author":"USER"}]},"experienceContext":{"experience":"/appeco/firebase/fdc-query-generator"},"clientContext":{"additionalContext":{"@type":"type.googleapis.com/google.cloud.cloudaicompanion.v1main.FirebaseChatRequestContext","fdcInfo":{"fdcServiceName":"projects/gpt-akp/locations/us-east4/services/gptapk-main","requiresQuery":true}}}}
[debug] [2026-05-28T10:19:19.093Z] <<< [apiv2][status] POST https://cloudaicompanion.googleapis.com/v1beta/projects/gpt-akp/locations/global/instances/default:completeTask 200
[debug] [2026-05-28T10:19:19.093Z] <<< [apiv2][body] POST https://cloudaicompanion.googleapis.com/v1beta/projects/gpt-akp/locations/global/instances/default:completeTask {"output":{"messages":[{"content":"Let's craft some operations for your app using the provided schema! Here are four operations, including queries and mutations, with appropriate authentication.\n\n```graphql\nquery AllClubs @auth(level: PUBLIC, insecureReason: \"This operation is safe to expose to the public as it lists public club information.\") {\n  clubs {\n    id\n    name\n    description\n    websiteUrl\n    socialMediaLink\n    contactEmail\n    createdAt\n    creator {\n      id\n      displayName\n      email\n    }\n  }\n}\n\nquery MyFavoriteEvents @auth(level: USER, insecureReason: \"This operation is safe to expose to all logged in users as it retrieves their personal favorite events.\") {\n  favorites(where: {userId: {eq_expr: \"auth.uid\"}, event: {id: {isNull: false}}}) {\n    id\n    event {\n      id\n      title\n      date\n      startTime\n      endTime\n      location\n      club {\n        name\n      }\n    }\n    createdAt\n  }\n}\n\nmutation CreateEvent($title: String!, $description: String!, $date: Date!, $startTime: Timestamp!, $endTime: Timestamp!, $location: String!, $status: String!, $clubId: UUID) @auth(level: USER, insecureReason: \"This operation is safe to expose to all logged in users as it allows them to create events.\") {\n  event_insert(\n    data: {\n      title: $title\n      description: $description\n      date: $date\n      startTime: $startTime\n      endTime: $endTime\n      location: $location\n      status: $status\n      creatorId_expr: \"auth.uid\"\n      clubId: $clubId\n      createdAt_expr: \"request.time\"\n    }\n  )\n}\n\nmutation ToggleFavoriteEvent($eventId: UUID!) @auth(level: USER, insecureReason: \"This operation is safe to expose to all logged in users as it allows them to manage their favorite events.\") {\n  favorite_upsert(\n    data: {\n      userId_expr: \"auth.uid\",\n      eventId: $eventId,\n      createdAt_expr: \"request.time\"\n    }\n  )\n}\n```\n\nThese operations provide a good starting point for your app:\n\n*   **`AllClubs`**: This query fetches a list of all clubs, including their basic details and the display name and email of their creators. Since this information is likely public-facing, it uses `@auth(level: PUBLIC)`.\n*   **`MyFavoriteEvents`**: This query allows a logged-in user to retrieve their favorited events. It leverages `auth.uid` to filter for events favorited by the current user, so it uses `@auth(level: USER)`.\n*   **`CreateEvent`**: This mutation enables a logged-in user to create a new event. It automatically sets the `creatorId` to the current user's ID and `createdAt` to the current time, and uses `@auth(level: USER)`.\n*   **`ToggleFavoriteEvent`**: This mutation allows a logged-in user to either favorite an event (if not already favorited) or unfavorite it (if already favorited). It uses `upsert` and sets the `userId` to the current user, making it suitable for `@auth(level: USER)`.\n\nHere are some follow-up questions you might consider:\n\n1.  How can I add more complex filtering or sorting to the `AllClubs` query, such as filtering by club name or creation date?\n2.  What's the best way to handle updates or deletions for events or favorites that a user has created or marked?\n3.  Could you show an example of how to query for events associated with a specific club using a nested query?","author":"model"}]},"outputDataContext":{"additionalContext":{"@type":"type.googleapis.com/google.cloud.cloudaicompanion.v1main.ChatOutputDataContext","relatedContent":{}}},"attributionContext":{"citationMetadata":{}}}
[debug] [2026-05-28T10:19:21.853Z] <<< [apiv2][status] POST https://cloudaicompanion.googleapis.com/v1beta/projects/gpt-akp/locations/global/instances/default:completeTask 200
[debug] [2026-05-28T10:19:21.853Z] <<< [apiv2][body] POST https://cloudaicompanion.googleapis.com/v1beta/projects/gpt-akp/locations/global/instances/default:completeTask {"output":{"messages":[{"content":"```graphql\nmutation CreateDemoData @transaction @auth(level: USER, insecureReason: \"This operation is for seeding data and should only be run by authenticated users with appropriate permissions.\") {\n  user_insertMany(data: [\n    {\n      id: \"a1b2c3d4-e5f6-7890-1234-567890abcdef\",\n      displayName: \"Alice Smith\",\n      email: \"alice.smith@example.com\",\n      createdAt: \"2023-01-01T10:00:00Z\",\n      role: \"admin\"\n    },\n    {\n      id: \"f0e9d8c7-b6a5-4321-fedc-ba9876543210\",\n      displayName: \"Bob Johnson\",\n      email: \"bob.johnson@example.com\",\n      createdAt: \"2023-01-02T11:00:00Z\",\n      photoUrl: \"https://example.com/bob.jpg\"\n    }\n  ])\n  club_insertMany(data: [\n    {\n      id: \"11111111-2222-3333-4444-555555555555\",\n      name: \"Chess Club\",\n      description: \"A club for chess enthusiasts.\",\n      createdAt: \"2023-01-05T09:00:00Z\",\n      contactEmail: \"chessclub@example.com\",\n      creatorId: \"a1b2c3d4-e5f6-7890-1234-567890abcdef\"\n    },\n    {\n      id: \"22222222-3333-4444-5555-666666666666\",\n      name: \"Book Lovers Society\",\n      description: \"Reading and discussing books of various genres.\",\n      createdAt: \"2023-01-06T14:00:00Z\",\n      websiteUrl: \"https://booklovers.example.com\",\n      creatorId: \"f0e9d8c7-b6a5-4321-fedc-ba9876543210\"\n    }\n  ])\n  event_insertMany(data: [\n    {\n      id: \"aaaabbbb-cccc-dddd-eeee-ffffffffffff\",\n      title: \"Weekly Chess Tournament\",\n      description: \"Friendly chess tournament for all skill levels.\",\n      date: \"2023-10-26\",\n      startTime: \"2023-10-26T18:00:00Z\",\n      endTime: \"2023-10-26T21:00:00Z\",\n      location: \"Community Center\",\n      createdAt: \"2023-10-20T10:00:00Z\",\n      status: \"Active\",\n      clubId: \"11111111-2222-3333-4444-555555555555\"\n    },\n    {\n      id: \"00001111-2222-3333-4444-555566667777\",\n      title: \"Sci-Fi Book Discussion\",\n      description: \"Discussion of the latest sci-fi bestseller.\",\n      date: \"2023-11-15\",\n      startTime: \"2023-11-15T19:00:00Z\",\n      endTime: \"2023-11-15T20:30:00Z\",\n      location: \"Online (Zoom)\",\n      createdAt: \"2023-11-01T15:00:00Z\",\n      status: \"Active\",\n      clubId: \"22222222-3333-4444-5555-666666666666\"\n    }\n  ])\n  resource_insertMany(data: [\n    {\n      id: \"fedcba98-7654-3210-abcd-ef0123456789\",\n      name: \"Online Chess Platform\",\n      description: \"Website for playing chess online.\",\n      category: \"Online Tool\",\n      createdAt: \"2023-01-10T08:00:00Z\",\n      websiteUrl: \"https://www.chess.com\"\n    },\n    {\n      id: \"98765432-10fe-dcba-9876-543210fedcba\",\n      name: \"Local Library\",\n      description: \"Community library with a wide selection of books.\",\n      category: \"Physical Location\",\n      createdAt: \"2023-01-12T13:00:00Z\",\n      location: \"123 Main St, Anytown\"\n    }\n  ])\n  favorite_insertMany(data: [\n    {\n      id: \"fedcba98-7654-3210-abcd-ef0123456789\",\n      createdAt: \"2023-10-25T14:30:00Z\",\n      userId: \"a1b2c3d4-e5f6-7890-1234-567890abcdef\",\n      eventId: \"aaaabbbb-cccc-dddd-eeee-ffffffffffff\"\n    },\n    {\n      id: \"1a2b3c4d-5e6f-7890-1234-567890abcdef\",\n      createdAt: \"2023-11-05T09:15:00Z\",\n      userId: \"f0e9d8c7-b6a5-4321-fedc-ba9876543210\",\n      clubId: \"22222222-3333-4444-5555-666666666666\"\n    }\n  ])\n}\n```","author":"model"}]},"outputDataContext":{"additionalContext":{"@type":"type.googleapis.com/google.cloud.cloudaicompanion.v1main.ChatOutputDataContext","relatedContent":{}}},"attributionContext":{"citationMetadata":{}}}
[info] +  Wrote dataconnect\dataconnect.yaml 
[info] +  Wrote dataconnect\seed_data.gql 
[info] +  Wrote dataconnect\schema\schema.gql 
[info] +  Wrote dataconnect\example\connector.yaml 
[info] +  Wrote dataconnect\example\queries.gql 
[info] +  Wrote dataconnect\example\connector.yaml 
[info] i  dataconnect: Installing the generated SDKs ... 
[info] i  dataconnect: downloading dataconnect-emulator-3.4.9.exe... {"metadata":{"emulator":{"name":"dataconnect"},"message":"downloading dataconnect-emulator-3.4.9.exe..."}}
[debug] [2026-05-28T10:19:21.881Z] >>> [apiv2][query] GET https://storage.googleapis.com/firemat-preview-drop/emulator/dataconnect-emulator-windows-amd64-v3.4.9 
[debug] [2026-05-28T10:19:22.675Z] <<< [apiv2][status] GET https://storage.googleapis.com/firemat-preview-drop/emulator/dataconnect-emulator-windows-amd64-v3.4.9 200
[debug] [2026-05-28T10:19:22.675Z] <<< [apiv2][body] GET https://storage.googleapis.com/firemat-preview-drop/emulator/dataconnect-emulator-windows-amd64-v3.4.9 [stream]
[debug] [2026-05-28T10:19:30.807Z] defaultcredentials: writing to file C:\Users\len\AppData\Roaming\firebase\siddhardhakollabuthalla_gmail_com_application_default_credentials.json
[error] !!  dataconnect: Failed to generate SQL Connect SDKs
Command failed with exit code 1 
[info] +  dataconnect: Installed generated SDKs for . (web) 
[info] i  Visit https://firebase.google.com/docs/data-connect/web-sdk#react for more information on how to set up React Generated SDKs for Firebase SQL Connect 
[info] 
=== Storage Setup
[info] 
[info] Firebase Storage Security Rules allow you to define how and when to allow
[info] uploads and downloads. You can keep these rules in your project directory
[info] and publish them with firebase deploy.
[info] 
[info] i  storage: ensuring required API firebasestorage.googleapis.com is enabled... 
[debug] [2026-05-28T10:19:36.546Z] Checked if tokens are valid: true, expires at: 1779966907830
[debug] [2026-05-28T10:19:36.546Z] Checked if tokens are valid: true, expires at: 1779966907830
[debug] [2026-05-28T10:19:36.546Z] >>> [apiv2][query] GET https://serviceusage.googleapis.com/v1/projects/gpt-akp/services/firebasestorage.googleapis.com [none]
[debug] [2026-05-28T10:19:36.546Z] >>> [apiv2][(partial)header] GET https://serviceusage.googleapis.com/v1/projects/gpt-akp/services/firebasestorage.googleapis.com  x-goog-user-project=gpt-akp
[debug] [2026-05-28T10:19:38.453Z] <<< [apiv2][status] GET https://serviceusage.googleapis.com/v1/projects/gpt-akp/services/firebasestorage.googleapis.com 200
[debug] [2026-05-28T10:19:38.453Z] <<< [apiv2][body] GET https://serviceusage.googleapis.com/v1/projects/gpt-akp/services/firebasestorage.googleapis.com [omitted]
[warn] !  storage: missing required API firebasestorage.googleapis.com. Enabling now... 
[debug] [2026-05-28T10:19:38.454Z] Checked if tokens are valid: true, expires at: 1779966907830
[debug] [2026-05-28T10:19:38.454Z] Checked if tokens are valid: true, expires at: 1779966907830
[debug] [2026-05-28T10:19:38.454Z] >>> [apiv2][query] POST https://serviceusage.googleapis.com/v1/projects/gpt-akp/services/firebasestorage.googleapis.com:enable [none]
[debug] [2026-05-28T10:19:38.454Z] >>> [apiv2][(partial)header] POST https://serviceusage.googleapis.com/v1/projects/gpt-akp/services/firebasestorage.googleapis.com:enable  x-goog-user-project=gpt-akp
[debug] [2026-05-28T10:19:40.185Z] <<< [apiv2][status] POST https://serviceusage.googleapis.com/v1/projects/gpt-akp/services/firebasestorage.googleapis.com:enable 200
[debug] [2026-05-28T10:19:40.185Z] <<< [apiv2][body] POST https://serviceusage.googleapis.com/v1/projects/gpt-akp/services/firebasestorage.googleapis.com:enable [omitted]
